// Vitest Snapshot v1, https://vitest.dev/guide/snapshot.html

exports[`Radio > renders correctly 1`] = `
<div>
  <div
    aria-required="false"
    class="grid gap-2"
    dir="ltr"
    role="radiogroup"
    style="outline: none;"
    tabindex="0"
  >
    <div
      class="flex w-max items-center space-x-2 justify-between"
    >
      <button
        aria-checked="true"
        class="aspect-square h-4 w-4 rounded-full border border-primary text-primary ring-offset-background focus:outline-none focus-visible:ring-2 focus-visible:ring-ring focus-visible:ring-offset-2 disabled:cursor-not-allowed disabled:opacity-50"
        data-radix-collection-item=""
        data-state="checked"
        id="test-radio-0"
        role="radio"
        tabindex="-1"
        type="button"
        value="option1"
      >
        <span
          class="flex items-center justify-center"
          data-state="checked"
        >
          <svg
            class="lucide lucide-circle size-2.5 fill-current text-current"
            fill="none"
            height="24"
            stroke="currentColor"
            stroke-linecap="round"
            stroke-linejoin="round"
            stroke-width="2"
            viewBox="0 0 24 24"
            width="24"
            xmlns="http://www.w3.org/2000/svg"
          >
            <circle
              cx="12"
              cy="12"
              r="10"
            />
          </svg>
        </span>
      </button>
      <label
        for="test-radio-0"
      >
        Option 1
      </label>
    </div>
    <div
      class="flex w-max items-center space-x-2 justify-between"
    >
      <button
        aria-checked="false"
        class="aspect-square h-4 w-4 rounded-full border border-primary text-primary ring-offset-background focus:outline-none focus-visible:ring-2 focus-visible:ring-ring focus-visible:ring-offset-2 disabled:cursor-not-allowed disabled:opacity-50"
        data-radix-collection-item=""
        data-state="unchecked"
        id="test-radio-1"
        role="radio"
        tabindex="-1"
        type="button"
        value="option2"
      />
      <label
        for="test-radio-1"
      >
        Option 2
      </label>
    </div>
  </div>
</div>
`;
